// Jest Snapshot v1, https://goo.gl/fbAQLP

exports[`renders correctly 1`] = `
<div>
  <div
    className="container"
  >
    <div
      className="row"
    >
      <a
        href="/"
        onClick={[Function]}
      >
        <h1>
          parldata-frontend
        </h1>
      </a>
    </div>
    <div
      className="row"
    >
      <div
        className="col-sm-3"
      >
        <h2>
          Search
        </h2>
        <input
          className="form-control"
          id={undefined}
          onChange={[Function]}
          type={undefined}
        />
      </div>
      <div
        className="col-sm-9"
      >
        <h2>
          Keresés eredménye
        </h2>
        <p />
      </div>
    </div>
  </div>
</div>
`;
