// Jest Snapshot v1, https://goo.gl/fbAQLP

exports[`renders correctly 1`] = `
<ul>
  <li>
    <div
      className="checkbox"
      style={undefined}
    >
      <label
        title=""
      >
        <input
          checked={true}
          disabled={false}
          onChange={[Function]}
          type="checkbox"
        />
        foo
      </label>
    </div>
  </li>
  <li>
    <div
      className="checkbox"
      style={undefined}
    >
      <label
        title=""
      >
        <input
          checked={false}
          disabled={false}
          onChange={[Function]}
          type="checkbox"
        />
        bar
      </label>
    </div>
  </li>
</ul>
`;
