// Jest Snapshot v1, https://goo.gl/fbAQLP

exports[`renders correctly 1`] = `
<ul
  className="filter"
>
  <li>
    <div
      className="form-check"
    >
      <input
        checked={false}
        className="form-check-input"
        disabled={false}
        onChange={[Function]}
        type="radio"
      />
      <label
        className="form-check-label"
        title=""
        type="checkbox"
      >
        Ã–sszes
      </label>
    </div>
  </li>
  <li>
    <div
      className="form-check"
    >
      <input
        checked={false}
        className="form-check-input"
        disabled={false}
        onChange={[Function]}
        type="radio"
      />
      <label
        className="form-check-label"
        title=""
        type="checkbox"
      >
        John Doe
         
        <b>
          (
          3
          )
        </b>
      </label>
    </div>
  </li>
  <li>
    <div
      className="form-check"
    >
      <input
        checked={false}
        className="form-check-input"
        disabled={false}
        onChange={[Function]}
        type="radio"
      />
      <label
        className="form-check-label"
        title=""
        type="checkbox"
      >
        asdfg
         
        <b>
          (
          1
          )
        </b>
      </label>
    </div>
  </li>
  <li>
    <div
      className="form-check"
    >
      <input
        checked={false}
        className="form-check-input"
        disabled={false}
        onChange={[Function]}
        type="radio"
      />
      <label
        className="form-check-label"
        title=""
        type="checkbox"
      >
        sdgsdf
         
        <b>
          (
          1
          )
        </b>
      </label>
    </div>
  </li>
</ul>
`;
