// Jest Snapshot v1, https://goo.gl/fbAQLP

exports[`renders correctly 1`] = `
Array [
  <p>
    Foo
</p>,
  <p>
    Bar
</p>,
]
`;
